== alpine-3.20
capturing ffprobe 6.1.1 -> ffprobe/testdata/probe/6.1.1
files: 114
== alpine-3.22
capturing ffprobe 6.1.2 -> ffprobe/testdata/probe/6.1.2
files: 114
== alpine-edge
capturing ffprobe 8.1.2 -> ffprobe/testdata/probe/8.1.2
files: 114
== debian-12
capturing ffprobe 5.1.9 -> ffprobe/testdata/probe/5.1.9
files: 114
== debian-13
capturing ffprobe 7.1.5 -> ffprobe/testdata/probe/7.1.5
files: 114
== debian-sid
capturing ffprobe 8.1.2 -> ffprobe/testdata/probe/8.1.2
files: 114
== ubuntu-22.04
capturing ffprobe 4.4.2 -> ffprobe/testdata/probe/4.4.2
files: 102
== ubuntu-24.04
capturing ffprobe 6.1.1 -> ffprobe/testdata/probe/6.1.1
files: 114
